\BOOKMARK [0][-]{Item.6}{\376\377\000D\000A\000F\000T\000A\000R\000\040\000L\000A\000M\000P\000I\000R\000A\000N}{}% 1
\BOOKMARK [0][-]{Item.6}{\376\377\000D\000A\000F\000T\000A\000R\000\040\000I\000S\000T\000I\000L\000A\000H\000\040\000D\000A\000N\000\040\000S\000I\000N\000G\000K\000A\000T\000A\000N}{}% 2
\BOOKMARK [0][-]{chapter.1}{\376\377\000P\000e\000n\000d\000a\000h\000u\000l\000u\000a\000n}{}% 3
\BOOKMARK [1][-]{section.1.1}{\376\377\000L\000a\000t\000a\000r\000\040\000B\000e\000l\000a\000k\000a\000n\000g}{chapter.1}% 4
\BOOKMARK [1][-]{section.1.2}{\376\377\000T\000e\000m\000p\000a\000t\000\040\000d\000a\000n\000\040\000W\000a\000k\000t\000u\000\040\000P\000e\000l\000a\000k\000s\000a\000n\000a\000a\000n}{chapter.1}% 5
\BOOKMARK [1][-]{section.1.3}{\376\377\000R\000u\000a\000n\000g\000\040\000L\000i\000n\000g\000k\000u\000p\000\040\000P\000e\000k\000e\000r\000j\000a\000a\000n}{chapter.1}% 6
\BOOKMARK [1][-]{section.1.4}{\376\377\000S\000i\000s\000t\000e\000m\000a\000t\000i\000k\000a\000\040\000P\000e\000n\000u\000l\000i\000s\000a\000n}{chapter.1}% 7
\BOOKMARK [0][-]{chapter.2}{\376\377\000O\000r\000g\000a\000n\000i\000s\000a\000s\000i\000\040\000d\000a\000n\000\040\000L\000i\000n\000g\000k\000u\000n\000g\000a\000n\000\040\000K\000e\000r\000j\000a\000\040\000P\000r\000a\000k\000t\000i\000k}{}% 8
\BOOKMARK [1][-]{section.2.1}{\376\377\000P\000r\000o\000f\000i\000l\000\040\000P\000e\000r\000u\000s\000a\000h\000a\000a\000n}{chapter.2}% 9
\BOOKMARK [1][-]{section.2.2}{\376\377\000S\000t\000r\000u\000k\000t\000u\000r\000\040\000O\000r\000g\000a\000n\000i\000s\000a\000s\000i}{chapter.2}% 10
\BOOKMARK [1][-]{section.2.3}{\376\377\000U\000n\000i\000t\000\040\000K\000e\000r\000j\000a\000\040\000d\000a\000n\000\040\000L\000i\000n\000g\000k\000u\000n\000g\000a\000n\000\040\000K\000e\000r\000j\000a}{chapter.2}% 11
\BOOKMARK [1][-]{section.2.4}{\376\377\000D\000e\000s\000k\000r\000i\000p\000s\000i\000\040\000P\000e\000k\000e\000r\000j\000a\000a\000n\000\040\000d\000a\000n\000\040\000T\000a\000n\000g\000g\000u\000n\000g\000\040\000J\000a\000w\000a\000b}{chapter.2}% 12
\BOOKMARK [1][-]{section.2.5}{\376\377\000J\000a\000d\000w\000a\000l\000\040\000K\000e\000g\000i\000a\000t\000a\000n\000\040\000K\000e\000r\000j\000a\000\040\000P\000r\000a\000k\000t\000i\000k}{chapter.2}% 13
\BOOKMARK [0][-]{chapter.3}{\376\377\000P\000e\000n\000g\000e\000m\000b\000a\000n\000g\000a\000n\000\040\000F\000u\000n\000g\000s\000i\000\040\000M\000a\000n\000a\000j\000e\000m\000e\000n\000\040\000P\000e\000n\000a\000g\000i\000h\000a\000n\000\040\000P\000i\000u\000t\000a\000n\000g\000\040\000d\000a\000n\000\040\000A\000l\000u\000r\000\040\000R\000e\000v\000i\000s\000i\000\040\000P\000e\000m\000b\000a\000y\000a\000r\000a\000n\000\040\000p\000a\000d\000a\000\040\000A\000p\000l\000i\000k\000a\000s\000i\000\040\000P\000a\000r\000a\000p\000a\000y}{}% 14
\BOOKMARK [1][-]{section.3.1}{\376\377\000A\000n\000a\000l\000i\000s\000i\000s\000\040\000K\000e\000b\000u\000t\000u\000h\000a\000n\000\040\000S\000i\000s\000t\000e\000m\000\040\000P\000a\000r\000a\000p\000a\000y}{chapter.3}% 15
\BOOKMARK [1][-]{section.3.2}{\376\377\000P\000e\000n\000g\000e\000m\000b\000a\000n\000g\000a\000n\000\040\000F\000i\000t\000u\000r\000\040\000S\000i\000m\000p\000a\000n\000\040\000D\000r\000a\000f\000\040\000d\000a\000n\000\040\000M\000o\000d\000u\000l\000\040\000P\000o\000t\000o\000n\000g\000\040\000T\000a\000g\000i\000h\000a\000n}{chapter.3}% 16
\BOOKMARK [2][-]{subsection.3.2.1}{\376\377\000I\000m\000p\000l\000e\000m\000e\000n\000t\000a\000s\000i\000\040\000A\000l\000u\000r\000\040\000S\000a\000v\000e\000\040\000a\000s\000\040\000D\000r\000a\000f\000t}{section.3.2}% 17
\BOOKMARK [2][-]{subsection.3.2.2}{\376\377\000P\000e\000n\000g\000e\000m\000b\000a\000n\000g\000a\000n\000\040\000M\000o\000d\000u\000l\000\040\000P\000o\000t\000o\000n\000g\000\040\000T\000a\000g\000i\000h\000a\000n}{section.3.2}% 18
\BOOKMARK [1][-]{section.3.3}{\376\377\000R\000e\000f\000a\000c\000t\000o\000r\000i\000n\000g\000\040\000d\000a\000n\000\040\000A\000r\000s\000i\000t\000e\000k\000t\000u\000r\000\040\000A\000l\000u\000r\000\040\000R\000e\000v\000i\000s\000i\000\040\000P\000e\000m\000b\000a\000y\000a\000r\000a\000n\000\040\000\050\000R\000e\000v\000i\000s\000i\000o\000n\000\040\000F\000l\000o\000w\000\040\000v\0002\000\051}{chapter.3}% 19
\BOOKMARK [2][-]{subsection.3.3.1}{\376\377\000P\000e\000r\000a\000n\000c\000a\000n\000g\000a\000n\000\040\000U\000l\000a\000n\000g\000\040\000A\000r\000s\000i\000t\000e\000k\000t\000u\000r\000\040\000R\000e\000v\000i\000s\000i\000\040\000\050\000R\000e\000v\000i\000s\000i\000o\000n\000\040\000v\0002\000\051}{section.3.3}% 20
\BOOKMARK [2][-]{subsection.3.3.2}{\376\377\000I\000m\000p\000l\000e\000m\000e\000n\000t\000a\000s\000i\000\040\000P\000e\000m\000b\000a\000t\000a\000s\000a\000n\000\040\000A\000l\000o\000k\000a\000s\000i\000\040\000d\000a\000n\000\040\000A\000t\000u\000r\000a\000n\000\040\000B\000i\000s\000n\000i\000s}{section.3.3}% 21
\BOOKMARK [1][-]{section.3.4}{\376\377\000P\000e\000r\000s\000i\000s\000t\000e\000n\000s\000i\000\040\000L\000u\000r\000i\000n\000g\000\040\000B\000e\000r\000k\000a\000s\000\040\000B\000u\000k\000t\000i\000\040\000B\000a\000y\000a\000r\000\040\000v\000i\000a\000\040\000I\000n\000d\000e\000x\000e\000d\000D\000B}{chapter.3}% 22
\BOOKMARK [1][-]{section.3.5}{\376\377\000O\000p\000t\000i\000m\000a\000s\000i\000\040\000A\000n\000t\000a\000r\000m\000u\000k\000a\000\040\000P\000e\000n\000g\000g\000u\000n\000a\000\040\000\050\000P\000e\000r\000f\000o\000r\000m\000a\000n\000c\000e\000\040\000\046\000\040\000U\000I\000\051}{chapter.3}% 23
\BOOKMARK [1][-]{section.3.6}{\376\377\000H\000a\000s\000i\000l\000\040\000d\000a\000n\000\040\000E\000v\000a\000l\000u\000a\000s\000i\000\040\000P\000e\000k\000e\000r\000j\000a\000a\000n}{chapter.3}% 24
\BOOKMARK [0][-]{chapter.4}{\376\377\000R\000a\000n\000g\000k\000u\000m\000a\000n}{}% 25
\BOOKMARK [1][-]{section.4.1}{\376\377\000R\000a\000n\000g\000k\000u\000m\000a\000n\000\040\000P\000e\000l\000a\000k\000s\000a\000n\000a\000a\000n\000\040\000P\000e\000k\000e\000r\000j\000a\000a\000n}{chapter.4}% 26
\BOOKMARK [1][-]{section.4.2}{\376\377\000R\000a\000n\000g\000k\000u\000m\000a\000n\000\040\000H\000a\000s\000i\000l\000\040\000P\000e\000k\000e\000r\000j\000a\000a\000n}{chapter.4}% 27
\BOOKMARK [1][-]{section.4.3}{\376\377\000E\000v\000a\000l\000u\000a\000s\000i\000\040\000D\000i\000r\000i\000\040\000d\000a\000n\000\040\000P\000e\000n\000g\000e\000m\000b\000a\000n\000g\000a\000n\000\040\000K\000e\000p\000r\000o\000f\000e\000s\000i\000a\000n}{chapter.4}% 28
\BOOKMARK [1][-]{section.4.4}{\376\377\000S\000a\000r\000a\000n}{chapter.4}% 29
\BOOKMARK [2][-]{subsection.4.4.1}{\376\377\000S\000a\000r\000a\000n\000\040\000u\000n\000t\000u\000k\000\040\000P\000e\000n\000g\000e\000m\000b\000a\000n\000g\000a\000n\000\040\000A\000p\000l\000i\000k\000a\000s\000i\000\040\000P\000a\000r\000a\000p\000a\000y}{section.4.4}% 30
\BOOKMARK [2][-]{subsection.4.4.2}{\376\377\000S\000a\000r\000a\000n\000\040\000u\000n\000t\000u\000k\000\040\000P\000e\000l\000a\000k\000s\000a\000n\000a\000a\000n\000\040\000K\000e\000r\000j\000a\000\040\000P\000r\000a\000k\000t\000i\000k\000\040\000B\000e\000r\000i\000k\000u\000t\000n\000y\000a}{section.4.4}% 31
\BOOKMARK [0][-]{chapter*.4}{\376\377\000D\000A\000F\000T\000A\000R\000\040\000P\000U\000S\000T\000A\000K\000A}{}% 32
\BOOKMARK [0][-]{Item.49}{\376\377\000L\000a\000m\000p\000i\000r\000a\000n\000\040\000A\000.\000\040\000T\000e\000r\000m\000\040\000o\000f\000\040\000R\000e\000f\000e\000r\000e\000n\000c\000e\000\040\000\050\000T\000O\000R\000\051}{}% 33
